================================================================
 Pint-OS - Alarm Clock - Evidências de teste
 Autor: Arthur (arthurdelimavonsohsten@gmail.com)
 Ambiente: WSL2 Ubuntu 26.04, gcc 15.2.0 (-m32), QEMU 10.2.1
================================================================

----------------------------------------------------------------
1. ANTES DA CORREÇÃO - timer_sleep() original (busy wait)
   Comando: pintos -- -q run alarm-multiple
----------------------------------------------------------------
Loading.............
Kernel command line: -q run alarm-multiple
Pintos booting with 3,968 kB RAM...
367 pages available in kernel pool.
367 pages available in user pool.
Calibrating timer...  117,760,000 loops/s.
Boot complete.
Executing 'alarm-multiple':
(alarm-multiple) begin
(alarm-multiple) Creating 5 threads to sleep 7 times each.
...
(alarm-multiple) end
Execution of 'alarm-multiple' complete.
Timer: 590 ticks
Thread: 0 idle ticks, 591 kernel ticks, 0 user ticks     <-- CPU NUNCA fica ociosa
Console: 2954 characters output
Keyboard: 0 keys pressed
Powering off...

>>> Observação: 0 idle ticks confirma que a implementação original nunca
    coloca a CPU em estado ocioso -- as threads adormecidas ficam chamando
    thread_yield() em loop (busy wait), consumindo 100% da CPU o tempo todo.

----------------------------------------------------------------
2. DEPOIS DA CORREÇÃO - timer_sleep() sem busy wait
   (devices/timer.c: sleep_list + semáforo por thread + interrupts
   desabilitadas só para manipular a lista compartilhada com o
   timer_interrupt)
----------------------------------------------------------------

--- make (threads/) ---
Compilação limpa, sem erros nem warnings novos em devices/timer.c.

--- alarm-single ---
(alarm-single) begin
(alarm-single) Creating 5 threads to sleep 1 times each.
(alarm-single) thread 0: duration=10, iteration=1, product=10
(alarm-single) thread 1: duration=20, iteration=1, product=20
(alarm-single) thread 2: duration=30, iteration=1, product=30
(alarm-single) thread 3: duration=40, iteration=1, product=40
(alarm-single) thread 4: duration=50, iteration=1, product=50
(alarm-single) end
Execution of 'alarm-single' complete.
Timer: 278 ticks
Thread: 250 idle ticks, 28 kernel ticks, 0 user ticks
PASS

--- alarm-multiple ---
(alarm-multiple) begin
(alarm-multiple) Creating 5 threads to sleep 7 times each.
(alarm-multiple) thread 0: duration=10, iteration=1, product=10
(alarm-multiple) thread 1: duration=20, iteration=1, product=20
... (produtos em ordem não decrescente, ver tests/threads/alarm-multiple.output) ...
(alarm-multiple) thread 4: duration=50, iteration=7, product=350
(alarm-multiple) end
Execution of 'alarm-multiple' complete.
Timer: 585 ticks
Thread: 550 idle ticks, 35 kernel ticks, 0 user ticks    <-- 94% do tempo OCIOSA
Console: 2955 characters output
PASS

>>> Comparação direta com o cenário 1: mesmo teste, mesma carga.
    Antes: 0 / 591 ticks ociosos (0%).
    Depois: 550 / 585 ticks ociosos (94%).
    Isso comprova a eliminação do busy wait: a CPU passa a maior parte
    do tempo no idle_thread, e não girando em thread_yield().

--- alarm-simultaneous ---
(alarm-simultaneous) begin
... 3 threads dormem simultaneamente ...
(alarm-simultaneous) end
Execution of 'alarm-simultaneous' complete.
Timer: 280 ticks
Thread: 249 idle ticks, 32 kernel ticks, 0 user ticks
PASS

--- alarm-priority ---
(alarm-priority) begin
(alarm-priority) Thread priority 30 woke up.
(alarm-priority) Thread priority 29 woke up.
(alarm-priority) Thread priority 28 woke up.
(alarm-priority) Thread priority 27 woke up.
(alarm-priority) Thread priority 26 woke up.
(alarm-priority) Thread priority 25 woke up.
(alarm-priority) Thread priority 24 woke up.
(alarm-priority) Thread priority 23 woke up.
(alarm-priority) Thread priority 22 woke up.
(alarm-priority) Thread priority 21 woke up.
(alarm-priority) end
Execution of 'alarm-priority' complete.
Timer: 526 ticks
Thread: 490 idle ticks, 37 kernel ticks, 0 user ticks
PASS

>>> Observação: as 10 threads deste teste acordam TODAS no mesmo tick.
    Para que a ordem de saída respeite a prioridade (30 primeiro, 21 por
    último), sleep_list é ordenada primeiro por wake_tick e, em caso de
    empate, por prioridade decrescente (ver wake_tick_less() em
    devices/timer.c). Sem esse desempate, a ordem de acordar seguia a
    ordem de inserção na lista (ordem de criação das threads), e o teste
    falhava (ver seção "Dificuldades" no relatório).

--- alarm-zero ---
(alarm-zero) begin
(alarm-zero) PASS
(alarm-zero) end
Timer: 26 ticks / Thread: 0 idle ticks, 26 kernel ticks, 0 user ticks
PASS

--- alarm-negative ---
(alarm-negative) begin
(alarm-negative) PASS
(alarm-negative) end
Timer: 26 ticks / Thread: 0 idle ticks, 26 kernel ticks, 0 user ticks
PASS

----------------------------------------------------------------
3. RESUMO - make check (pasta threads/)
----------------------------------------------------------------
tests/threads/alarm-single.result         PASS
tests/threads/alarm-multiple.result       PASS
tests/threads/alarm-simultaneous.result   PASS
tests/threads/alarm-priority.result       PASS
tests/threads/alarm-zero.result           PASS
tests/threads/alarm-negative.result       PASS

  => 6/6 testes de alarm clock (100%) aprovados.

Testes de outras categorias presentes na mesma árvore de código
(priority-*, priority-donate-*, priority-condvar, mlfqs-*) FALHAM,
como esperado: eles pertencem aos projetos de "Priority Scheduling" e
"4.4BSD Scheduler", que não fazem parte desta atividade (apenas Alarm
Clock) e cujo suporte (fila pronta ordenada por prioridade, doação de
prioridade, cálculo de recent_cpu/load_avg) não foi implementado.
Exemplos de falha esperada:
  - priority-donate-chain: PANIC assertion `lock != NULL' -- doação de
    prioridade não implementada (fora do escopo).
  - mlfqs-load-1 / mlfqs-load-60: load average sempre 0.00 -- escalonador
    4.4BSD não implementado (fora do escopo).

----------------------------------------------------------------
4. Problema de ambiente encontrado e resolvido (toolchain)
----------------------------------------------------------------
Com o kernel original (sem nenhuma mudança de código), o boot no QEMU
10.2.1 (Ubuntu 26.04, gcc 15.2.0) entrava em triple fault / reboot loop
logo após imprimir "Pintos booting with ". Depurado com gdb remoto
(qemu -s -S) + backtrace:

  #0 udiv64 (n=3968, d=0) at ../../lib/arithmetic.c:111
  #1 umod64 (n=3968, d=0) at ../../lib/arithmetic.c:134
  #2 __umoddi3 (n=3968, d=0) at ../../lib/arithmetic.c:188
  #3 format_integer (..., b=0xc003a238 <base_d>, ...) at ../../lib/stdio.c:510
  ...
  #7 pintos_init () at ../../threads/init.c:94

Causa raiz: o gcc do Ubuntu tem -fPIE habilitado por padrão. O kernel do
Pint-OS é um binário estático, "freestanding", carregado por um boot
loader próprio em endereço fixo -- ele nunca passa por um dynamic linker
que resolveria as relocações do PIE. O ponteiro para o struct const
'base_d' era calculado corretamente (PC-relative), mas o CONTEÚDO desse
struct constante não era inicializado como esperado em tempo de execução,
fazendo com que o campo "base" fosse lido como 0 em vez de 10, causando
divisão por zero na primeira formatação de número com o flag "'" do
printf (usado por "Pintos booting with %'u kB RAM...").

Correção: threads/Make.config passa a compilar com
  -fno-pie -fno-pic -fcf-protection=none -fno-stack-clash-protection
Além disso, threads/Make.vars foi ajustado para usar QEMU
(SIMULATOR = --qemu) em vez de Bochs, que não estava disponível no
ambiente de testes.
================================================================
